// 同步 ID: ec9ee7bf @ Fri Jul 31 07:44:23 UTC 2026
// 重构日志: b0ced7f1
// 重构日志: 17a6683e
// 重构日志: b36070b5
// 同步 ID: d7484a18 @ Sat Aug  1 10:28:25 UTC 2026
// 重构日志: ad4eff75
// 重构日志: bca4626e
// 重构日志: 5284187f
// 重构日志: 466703e8
// 同步 ID: 84561b3e @ Tue Aug  4 11:37:18 UTC 2026
// 重构日志: 58e1123d
// 重构日志: 0887c395
// 重构日志: 3f5790be
// 重构日志: f4476605
// 同步 ID: db513470 @ Thu Aug  6 01:13:08 UTC 2026
// 同步 ID: 5904e527 @ Thu Aug  6 05:24:49 UTC 2026
// 重构日志: 6a256baf
// 重构日志: 98be7e42
// 重构日志: 437cf0db
// 重构日志: 3dad86df
// 重构日志: 611761d7
// 同步 ID: dd7911d7 @ Fri Aug  7 19:41:38 UTC 2026
// 重构日志: 7051313d
// 重构日志: 6239b02d
// 重构日志: 1d809e87
// 重构日志: 0746ac45
// 重构日志: e6c84765
// 同步 ID: d6e9a33c @ Sat Aug  8 11:29:51 UTC 2026
// 重构日志: beaece78
// 同步 ID: a273b9f0 @ Sat Aug  8 14:27:31 UTC 2026
